[    0.000000] Linux version 4.15.0-106-generic (buildd@lcy01-amd64-016) (gcc version 7.5.0 (Ubuntu 7.5.0-3ubuntu1~18.04)) #107-Ubuntu SMP Thu Jun 4 11:27:52 UTC 2020 (Ubuntu 4.15.0-106.107-generic 4.15.18)
[    0.000000] Command line: BOOT_IMAGE=/boot/vmlinuz-4.15.0-106-generic root=LABEL=cloudimg-rootfs ro console=tty1 console=ttyS0
[    0.000000] KERNEL supported cpus:
[    0.000000]   Intel GenuineIntel
[    0.000000]   AMD AuthenticAMD
[    0.000000]   Centaur CentaurHauls
[    0.000000] x86/fpu: Supporting XSAVE feature 0x001: 'x87 floating point registers'
[    0.000000] x86/fpu: Supporting XSAVE feature 0x002: 'SSE registers'
[    0.000000] x86/fpu: Supporting XSAVE feature 0x004: 'AVX registers'
[    0.000000] x86/fpu: xstate_offset[2]:  576, xstate_sizes[2]:  256
[    0.000000] x86/fpu: Enabled xstate features 0x7, context size is 832 bytes, using 'standard' format.
[    0.000000] e820: BIOS-provided physical RAM map:
[    0.000000] BIOS-e820: [mem 0x0000000000000000-0x000000000009fbff] usable
[    0.000000] BIOS-e820: [mem 0x000000000009fc00-0x000000000009ffff] reserved
[    0.000000] BIOS-e820: [mem 0x00000000000f0000-0x00000000000fffff] reserved
[    0.000000] BIOS-e820: [mem 0x0000000000100000-0x000000003ffeffff] usable
[    0.000000] BIOS-e820: [mem 0x000000003fff0000-0x000000003fffffff] ACPI data
[    0.000000] BIOS-e820: [mem 0x00000000fec00000-0x00000000fec00fff] reserved
[    0.000000] BIOS-e820: [mem 0x00000000fee00000-0x00000000fee00fff] reserved
[    0.000000] BIOS-e820: [mem 0x00000000fffc0000-0x00000000ffffffff] reserved
[    0.000000] NX (Execute Disable) protection: active
[    0.000000] SMBIOS 2.5 present.
[    0.000000] DMI: innotek GmbH VirtualBox/VirtualBox, BIOS VirtualBox 12/01/2006
[    0.000000] Hypervisor detected: KVM
[    0.000000] e820: last_pfn = 0x3fff0 max_arch_pfn = 0x400000000
[    0.000000] MTRR: Disabled
[    0.000000] x86/PAT: MTRRs disabled, skipping PAT initialization too.
[    0.000000] CPU MTRRs all blank - virtualized system.
[    0.000000] x86/PAT: Configuration [0-7]: WB  WT  UC- UC  WB  WT  UC- UC  
[    0.000000] found SMP MP-table at [mem 0x0009fff0-0x0009ffff]
[    0.000000] Scanning 1 areas for low memory corruption
[    0.000000] RAMDISK: [mem 0x35a6b000-0x36d2cfff]
[    0.000000] ACPI: Early table checksum verification disabled
[    0.000000] ACPI: RSDP 0x00000000000E0000 000024 (v02 VBOX  )
[    0.000000] ACPI: XSDT 0x000000003FFF0030 00003C (v01 VBOX   VBOXXSDT 00000001 ASL  00000061)
[    0.000000] ACPI: FACP 0x000000003FFF00F0 0000F4 (v04 VBOX   VBOXFACP 00000001 ASL  00000061)
[    0.000000] ACPI: DSDT 0x000000003FFF0470 002325 (v02 VBOX   VBOXBIOS 00000002 INTL 20100528)
[    0.000000] ACPI: FACS 0x000000003FFF0200 000040
[    0.000000] ACPI: FACS 0x000000003FFF0200 000040
[    0.000000] ACPI: APIC 0x000000003FFF0240 00005C (v02 VBOX   VBOXAPIC 00000001 ASL  00000061)
[    0.000000] ACPI: SSDT 0x000000003FFF02A0 0001CC (v01 VBOX   VBOXCPUT 00000002 INTL 20100528)
[    0.000000] No NUMA configuration found
[    0.000000] Faking a node at [mem 0x0000000000000000-0x000000003ffeffff]
[    0.000000] NODE_DATA(0) allocated [mem 0x3ffc5000-0x3ffeffff]
[    0.000000] kvm-clock: cpu 0, msr 0:3ff44001, primary cpu clock
[    0.000000] kvm-clock: Using msrs 4b564d01 and 4b564d00
[    0.000000] kvm-clock: using sched offset of 3775463223 cycles
[    0.000000] clocksource: kvm-clock: mask: 0xffffffffffffffff max_cycles: 0x1cd42e4dffb, max_idle_ns: 881590591483 ns
[    0.000000] Zone ranges:
[    0.000000]   DMA      [mem 0x0000000000001000-0x0000000000ffffff]
[    0.000000]   DMA32    [mem 0x0000000001000000-0x000000003ffeffff]
[    0.000000]   Normal   empty
[    0.000000]   Device   empty
[    0.000000] Movable zone start for each node
[    0.000000] Early memory node ranges
[    0.000000]   node   0: [mem 0x0000000000001000-0x000000000009efff]
[    0.000000]   node   0: [mem 0x0000000000100000-0x000000003ffeffff]
[    0.000000] Reserved but unavailable: 98 pages
[    0.000000] Initmem setup node 0 [mem 0x0000000000001000-0x000000003ffeffff]
[    0.000000] ACPI: PM-Timer IO Port: 0x4008
[    0.000000] IOAPIC[0]: apic_id 2, version 32, address 0xfec00000, GSI 0-23
[    0.000000] ACPI: INT_SRC_OVR (bus 0 bus_irq 0 global_irq 2 dfl dfl)
[    0.000000] ACPI: INT_SRC_OVR (bus 0 bus_irq 9 global_irq 9 low level)
[    0.000000] Using ACPI (MADT) for SMP configuration information
[    0.000000] smpboot: Allowing 2 CPUs, 0 hotplug CPUs
[    0.000000] PM: Registered nosave memory: [mem 0x00000000-0x00000fff]
[    0.000000] PM: Registered nosave memory: [mem 0x0009f000-0x0009ffff]
[    0.000000] PM: Registered nosave memory: [mem 0x000a0000-0x000effff]
[    0.000000] PM: Registered nosave memory: [mem 0x000f0000-0x000fffff]
[    0.000000] e820: [mem 0x40000000-0xfebfffff] available for PCI devices
[    0.000000] Booting paravirtualized kernel on KVM
[    0.000000] clocksource: refined-jiffies: mask: 0xffffffff max_cycles: 0xffffffff, max_idle_ns: 7645519600211568 ns
[    0.000000] random: get_random_bytes called from start_kernel+0x99/0x4fd with crng_init=0
[    0.000000] setup_percpu: NR_CPUS:8192 nr_cpumask_bits:2 nr_cpu_ids:2 nr_node_ids:1
[    0.000000] percpu: Embedded 45 pages/cpu s147456 r8192 d28672 u1048576
[    0.000000] PV qspinlock hash table entries: 256 (order: 0, 4096 bytes)
[    0.000000] Built 1 zonelists, mobility grouping on.  Total pages: 257913
[    0.000000] Policy zone: DMA32
[    0.000000] Kernel command line: BOOT_IMAGE=/boot/vmlinuz-4.15.0-106-generic root=LABEL=cloudimg-rootfs ro console=tty1 console=ttyS0
[    0.000000] Memory: 983044K/1048120K available (12300K kernel code, 2481K rwdata, 4272K rodata, 2436K init, 2720K bss, 65076K reserved, 0K cma-reserved)
[    0.000000] SLUB: HWalign=64, Order=0-3, MinObjects=0, CPUs=2, Nodes=1
[    0.000000] Kernel/User page tables isolation: enabled
[    0.000000] ftrace: allocating 39378 entries in 154 pages
[    0.004000] Hierarchical RCU implementation.
[    0.004000] 	RCU restricting CPUs from NR_CPUS=8192 to nr_cpu_ids=2.
[    0.004000] 	Tasks RCU enabled.
[    0.004000] RCU: Adjusting geometry for rcu_fanout_leaf=16, nr_cpu_ids=2
[    0.004000] NR_IRQS: 524544, nr_irqs: 440, preallocated irqs: 16
[    0.004000] Console: colour VGA+ 80x25
[    0.004000] console [tty1] enabled
[    0.004000] console [ttyS0] enabled
[    0.004000] ACPI: Core revision 20170831
[    0.004000] ACPI: 2 ACPI AML tables successfully acquired and loaded
[    0.004000] APIC: Switch to symmetric I/O mode setup
[    0.004000] x2apic enabled
[    0.004000] Switched APIC routing to physical x2apic.
[    0.004000] ..TIMER: vector=0x30 apic1=0 pin1=2 apic2=-1 pin2=-1
[    0.004006] tsc: Detected 2903.998 MHz processor
[    0.005073] Calibrating delay loop (skipped) preset value.. 5807.99 BogoMIPS (lpj=11615992)
[    0.008004] pid_max: default: 32768 minimum: 301
[    0.009084] Security Framework initialized
[    0.009898] Yama: becoming mindful.
[    0.010640] AppArmor: AppArmor initialized
[    0.012044] Dentry cache hash table entries: 131072 (order: 8, 1048576 bytes)
[    0.013540] Inode-cache hash table entries: 65536 (order: 7, 524288 bytes)
[    0.016016] Mount-cache hash table entries: 2048 (order: 2, 16384 bytes)
[    0.017516] Mountpoint-cache hash table entries: 2048 (order: 2, 16384 bytes)
[    0.019178] Last level iTLB entries: 4KB 64, 2MB 8, 4MB 8
[    0.020006] Last level dTLB entries: 4KB 64, 2MB 0, 4MB 0, 1GB 4
[    0.023053] Spectre V1 : Mitigation: usercopy/swapgs barriers and __user pointer sanitization
[    0.024005] Spectre V2 : Mitigation: Full generic retpoline
[    0.025055] Spectre V2 : Spectre v2 / SpectreRSB mitigation: Filling RSB on context switch
[    0.028002] Speculative Store Bypass: Vulnerable
[    0.028998] SRBDS: Unknown: Dependent on hypervisor status
[    0.030039] MDS: Mitigation: Clear CPU buffers
[    0.031059] Freeing SMP alternatives memory: 36K
[    0.142616] smpboot: CPU0: Intel(R) Core(TM) i7-6920HQ CPU @ 2.90GHz (family: 0x6, model: 0x5e, stepping: 0x3)
[    0.144000] Performance Events: unsupported p6 CPU model 94 no PMU driver, software events only.
[    0.144036] Hierarchical SRCU implementation.
[    0.145663] NMI watchdog: Perf event create on CPU 0 failed with -2
[    0.148002] NMI watchdog: Perf NMI watchdog permanently disabled
[    0.149382] smp: Bringing up secondary CPUs ...
[    0.150412] x86: Booting SMP configuration:
[    0.152002] .... node  #0, CPUs:      #1
[    0.004000] kvm-clock: cpu 1, msr 0:3ff44041, secondary cpu clock
[    0.156080] smp: Brought up 1 node, 2 CPUs
[    0.157477] smpboot: Max logical packages: 1
[    0.160011] smpboot: Total of 2 processors activated (11615.99 BogoMIPS)
[    0.164050] devtmpfs: initialized
[    0.165268] x86/mm: Memory block size: 128MB
[    0.167131] evm: security.selinux
[    0.168006] evm: security.SMACK64
[    0.169063] evm: security.SMACK64EXEC
[    0.170276] evm: security.SMACK64TRANSMUTE
[    0.171901] evm: security.SMACK64MMAP
[    0.172008] evm: security.apparmor
[    0.173370] evm: security.ima
[    0.174414] evm: security.capability
[    0.176088] clocksource: jiffies: mask: 0xffffffff max_cycles: 0xffffffff, max_idle_ns: 7645041785100000 ns
[    0.177907] futex hash table entries: 512 (order: 3, 32768 bytes)
[    0.181216] pinctrl core: initialized pinctrl subsystem
[    0.182352] RTC time: 22:45:25, date: 06/13/20
[    0.184141] NET: Registered protocol family 16
[    0.185663] audit: initializing netlink subsys (disabled)
[    0.188094] audit: type=2000 audit(1592088329.953:1): state=initialized audit_enabled=0 res=1
[    0.188154] cpuidle: using governor ladder
[    0.188836] cpuidle: using governor menu
[    0.192044] ACPI: bus type PCI registered
[    0.192833] acpiphp: ACPI Hot Plug PCI Controller Driver version: 0.5
[    0.194396] PCI: Using configuration type 1 for base access
[    0.196855] HugeTLB registered 2.00 MiB page size, pre-allocated 0 pages
[    0.197884] ACPI: Added _OSI(Module Device)
[    0.200008] ACPI: Added _OSI(Processor Device)
[    0.201294] ACPI: Added _OSI(3.0 _SCP Extensions)
[    0.202620] ACPI: Added _OSI(Processor Aggregator Device)
[    0.204011] ACPI: Added _OSI(Linux-Dell-Video)
[    0.205531] ACPI: Added _OSI(Linux-Lenovo-NV-HDMI-Audio)
[    0.207045] ACPI: Added _OSI(Linux-HPI-Hybrid-Graphics)
[    0.208546] ACPI: Executed 1 blocks of module-level executable AML code
[    0.213918] ACPI: Interpreter enabled
[    0.214872] ACPI: (supports S0 S5)
[    0.215718] ACPI: Using IOAPIC for interrupt routing
[    0.216203] PCI: Using host bridge windows from ACPI; if necessary, use "pci=nocrs" and report a bug
[    0.218181] ACPI: Enabled 2 GPEs in block 00 to 07
[    0.229051] ACPI: PCI Root Bridge [PCI0] (domain 0000 [bus 00-ff])
[    0.230954] acpi PNP0A03:00: _OSC: OS supports [ASPM ClockPM Segments MSI]
[    0.232407] acpi PNP0A03:00: _OSC: not requesting OS control; OS requires [ExtendedConfig ASPM ClockPM MSI]
[    0.234277] acpi PNP0A03:00: fail to add MMCONFIG information, can't access extended PCI configuration space under this bridge.
[    0.236586] PCI host bridge to bus 0000:00
[    0.237850] pci_bus 0000:00: root bus resource [io  0x0000-0x0cf7 window]
[    0.240009] pci_bus 0000:00: root bus resource [io  0x0d00-0xffff window]
[    0.241551] pci_bus 0000:00: root bus resource [mem 0x000a0000-0x000bffff window]
[    0.244004] pci_bus 0000:00: root bus resource [mem 0x40000000-0xfdffffff window]
[    0.245794] pci_bus 0000:00: root bus resource [bus 00-ff]
[    0.249680] pci 0000:00:01.1: legacy IDE quirk: reg 0x10: [io  0x01f0-0x01f7]
[    0.252008] pci 0000:00:01.1: legacy IDE quirk: reg 0x14: [io  0x03f6]
[    0.254350] pci 0000:00:01.1: legacy IDE quirk: reg 0x18: [io  0x0170-0x0177]
[    0.256005] pci 0000:00:01.1: legacy IDE quirk: reg 0x1c: [io  0x0376]
[    0.278179] pci 0000:00:07.0: quirk: [io  0x4000-0x403f] claimed by PIIX4 ACPI
[    0.280028] pci 0000:00:07.0: quirk: [io  0x4100-0x410f] claimed by PIIX4 SMB
[    0.295554] ACPI: PCI Interrupt Link [LNKA] (IRQs 5 9 10 *11)
[    0.296309] ACPI: PCI Interrupt Link [LNKB] (IRQs 5 9 *10 11)
[    0.298433] ACPI: PCI Interrupt Link [LNKC] (IRQs 5 *9 10 11)
[    0.300122] ACPI: PCI Interrupt Link [LNKD] (IRQs 5 9 10 *11)
[    0.301631] SCSI subsystem initialized
[    0.302426] pci 0000:00:02.0: vgaarb: setting as boot VGA device
[    0.302426] pci 0000:00:02.0: vgaarb: VGA device added: decodes=io+mem,owns=io+mem,locks=none
[    0.304019] pci 0000:00:02.0: vgaarb: bridge control possible
[    0.308012] vgaarb: loaded
[    0.308626] ACPI: bus type USB registered
[    0.309471] usbcore: registered new interface driver usbfs
[    0.310860] usbcore: registered new interface driver hub
[    0.312019] usbcore: registered new device driver usb
[    0.313043] EDAC MC: Ver: 3.0.0
[    0.316035] PCI: Using ACPI for IRQ routing
[    0.317312] NetLabel: Initializing
[    0.318047] NetLabel:  domain hash size = 128
[    0.318915] NetLabel:  protocols = UNLABELED CIPSOv4 CALIPSO
[    0.320000] NetLabel:  unlabeled traffic allowed by default
[    0.320175] clocksource: Switched to clocksource kvm-clock
[    0.337014] VFS: Disk quotas dquot_6.6.0
[    0.339697] VFS: Dquot-cache hash table entries: 512 (order 0, 4096 bytes)
[    0.341920] AppArmor: AppArmor Filesystem Enabled
[    0.343421] pnp: PnP ACPI init
[    0.345419] pnp: PnP ACPI: found 3 devices
[    0.356290] clocksource: acpi_pm: mask: 0xffffff max_cycles: 0xffffff, max_idle_ns: 2085701024 ns
[    0.359940] NET: Registered protocol family 2
[    0.362045] TCP established hash table entries: 8192 (order: 4, 65536 bytes)
[    0.364381] TCP bind hash table entries: 8192 (order: 5, 131072 bytes)
[    0.367718] TCP: Hash tables configured (established 8192 bind 8192)
[    0.369525] UDP hash table entries: 512 (order: 2, 16384 bytes)
[    0.371732] UDP-Lite hash table entries: 512 (order: 2, 16384 bytes)
[    0.373620] NET: Registered protocol family 1
[    0.374880] pci 0000:00:00.0: Limiting direct PCI/PCI transfers
[    0.376212] pci 0000:00:01.0: Activating ISA DMA hang workarounds
[    0.377557] pci 0000:00:02.0: Video device with shadowed ROM at [mem 0x000c0000-0x000dffff]
[    0.379429] Unpacking initramfs...
[    0.689045] Freeing initrd memory: 19208K
[    0.690193] clocksource: tsc: mask: 0xffffffffffffffff max_cycles: 0x29dc03c1beb, max_idle_ns: 440795205215 ns
[    0.692906] platform rtc_cmos: registered platform RTC device (no PNP device found)
[    0.694404] Scanning for low memory corruption every 60 seconds
[    0.696304] Initialise system trusted keyrings
[    0.697366] Key type blacklist registered
[    0.698303] workingset: timestamp_bits=36 max_order=18 bucket_order=0
[    0.700599] zbud: loaded
[    0.701599] squashfs: version 4.0 (2009/01/31) Phillip Lougher
[    0.702867] fuse init (API version 7.26)
[    0.706950] Key type asymmetric registered
[    0.707769] Asymmetric key parser 'x509' registered
[    0.708882] Block layer SCSI generic (bsg) driver version 0.4 loaded (major 246)
[    0.711406] io scheduler noop registered
[    0.712449] io scheduler deadline registered
[    0.713330] io scheduler cfq registered (default)
[    0.715198] ACPI: AC Adapter [AC] (off-line)
[    0.716425] input: Power Button as /devices/LNXSYSTM:00/LNXPWRBN:00/input/input0
[    0.718525] ACPI: Power Button [PWRF]
[    0.719840] input: Sleep Button as /devices/LNXSYSTM:00/LNXSLPBN:00/input/input1
[    0.722659] ACPI: Sleep Button [SLPF]
[    0.725798] ACPI: Battery Slot [BAT0] (battery present)
[    0.727692] Serial: 8250/16550 driver, 32 ports, IRQ sharing enabled
[    0.750175] 00:02: ttyS0 at I/O 0x3f8 (irq = 4, base_baud = 115200) is a 16550A
[    0.755305] Linux agpgart interface v0.103
[    0.757843] loop: module loaded
[    0.759076] scsi host0: ata_piix
[    0.760070] scsi host1: ata_piix
[    0.761138] ata1: PATA max UDMA/33 cmd 0x1f0 ctl 0x3f6 bmdma 0xd000 irq 14
[    0.762532] ata2: PATA max UDMA/33 cmd 0x170 ctl 0x376 bmdma 0xd008 irq 15
[    0.764786] libphy: Fixed MDIO Bus: probed
[    0.765641] tun: Universal TUN/TAP device driver, 1.6
[    0.766715] PPP generic driver version 2.4.2
[    0.767620] ehci_hcd: USB 2.0 'Enhanced' Host Controller (EHCI) Driver
[    0.769146] ehci-pci: EHCI PCI platform driver
[    0.770596] ehci-platform: EHCI generic platform driver
[    0.771815] ohci_hcd: USB 1.1 'Open' Host Controller (OHCI) Driver
[    0.773333] ohci-pci: OHCI PCI platform driver
[    0.774210] ohci-platform: OHCI generic platform driver
[    0.775399] uhci_hcd: USB Universal Host Controller Interface driver
[    0.777175] i8042: PNP: PS/2 Controller [PNP0303:PS2K,PNP0f03:PS2M] at 0x60,0x64 irq 1,12
[    0.779542] serio: i8042 KBD port at 0x60,0x64 irq 1
[    0.780805] serio: i8042 AUX port at 0x60,0x64 irq 12
[    0.782180] mousedev: PS/2 mouse device common for all mice
[    0.784568] rtc_cmos rtc_cmos: rtc core: registered rtc_cmos as rtc0
[    0.786459] input: AT Translated Set 2 keyboard as /devices/platform/i8042/serio0/input/input2
[    0.788885] rtc_cmos rtc_cmos: alarms up to one day, 114 bytes nvram
[    0.790221] i2c /dev entries driver
[    0.790992] device-mapper: uevent: version 1.0.3
[    0.791971] device-mapper: ioctl: 4.37.0-ioctl (2017-09-20) initialised: dm-devel@redhat.com
[    0.793740] ledtrig-cpu: registered to indicate activity on CPUs
[    0.795796] NET: Registered protocol family 10
[    0.800586] Segment Routing with IPv6
[    0.801660] NET: Registered protocol family 17
[    0.802884] Key type dns_resolver registered
[    0.804024] mce: Using 0 MCE banks
[    0.804950] RAS: Correctable Errors collector initialized.
[    0.806134] sched_clock: Marking stable (804925958, 0)->(967261988, -162336030)
[    0.808532] registered taskstats version 1
[    0.809479] Loading compiled-in X.509 certificates
[    0.812535] Loaded X.509 cert 'Build time autogenerated kernel key: b1772ce3e036cbf6bf2b7e9ed9be0f8806d61091'
[    0.814481] zswap: loaded using pool lzo/zbud
[    0.819478] Key type big_key registered
[    0.821071] Key type trusted registered
[    0.824619] Key type encrypted registered
[    0.825929] AppArmor: AppArmor sha1 policy hashing enabled
[    0.827326] ima: No TPM chip found, activating TPM-bypass! (rc=-19)
[    0.828819] ima: Allocated hash algorithm: sha1
[    0.829838] evm: HMAC attrs: 0x1
[    0.830866]   Magic number: 8:547:805
[    0.831701] rtc_cmos rtc_cmos: setting system clock to 2020-06-13 22:45:25 UTC (1592088325)
[    0.833500] BIOS EDD facility v0.16 2004-Jun-25, 0 devices found
[    0.834734] EDD information not available.
[    1.002123] Freeing unused kernel image memory: 2436K
[    1.016044] Write protecting the kernel read-only data: 20480k
[    1.017774] Freeing unused kernel image memory: 2008K
[    1.019081] Freeing unused kernel image memory: 1872K
[    1.027179] x86/mm: Checked W+X mappings: passed, no W+X pages found.
[    1.029473] x86/mm: Checking user space page tables
[    1.037552] x86/mm: Checked W+X mappings: passed, no W+X pages found.
Loading, please wait...
starting version 237
[    1.108936] Fusion MPT base driver 3.04.20
[    1.110200] Copyright (c) 1999-2008 LSI Corporation
[    1.115362] Fusion MPT SPI Host driver 3.04.20
[    1.117207] e1000: Intel(R) PRO/1000 Network Driver - version 7.3.21-k8-NAPI
[    1.119060] e1000: Copyright (c) 1999-2006 Intel Corporation.
[    1.121491] mptbase: ioc0: Initiating bringup
[    1.142050] AVX2 version of gcm_enc/dec engaged.
[    1.144730] AES CTR mode by8 optimization enabled
[    1.326287] ioc0: LSI53C1030 A0: Capabilities={Initiator}
[    1.348696] input: ImExPS/2 Generic Explorer Mouse as /devices/platform/i8042/serio1/input/input4
[    4.191287] scsi host2: ioc0: LSI53C1030 A0, FwRev=00000000h, Ports=1, MaxQ=256, IRQ=20
[    6.745813] scsi 2:0:0:0: Direct-Access     VBOX     HARDDISK         1.0  PQ: 0 ANSI: 5
[    6.785330] scsi target2:0:0: Beginning Domain Validation
[    6.839259] scsi target2:0:0: Domain Validation skipping write tests
[    6.841005] scsi target2:0:0: Ending Domain Validation
[    6.851626] scsi target2:0:0: asynchronous
[    6.860346] scsi 2:0:1:0: Direct-Access     VBOX     HARDDISK         1.0  PQ: 0 ANSI: 5
[    7.144261] scsi target2:0:1: Beginning Domain Validation
[    7.147781] random: fast init done
[    7.148905] scsi target2:0:1: Domain Validation skipping write tests
[    7.150836] scsi target2:0:1: Ending Domain Validation
[    7.152180] scsi target2:0:1: asynchronous
[    7.157617] random: systemd-udevd: uninitialized urandom read (16 bytes read)
[    7.159141] random: systemd-udevd: uninitialized urandom read (16 bytes read)
[    7.159244] e1000 0000:00:03.0 eth0: (PCI:33MHz:32-bit) 02:08:97:ad:f6:aa
[    7.160551] random: systemd-udevd: uninitialized urandom read (16 bytes read)
[    7.162382] e1000 0000:00:03.0 eth0: Intel(R) PRO/1000 Network Connection
[    7.166324] sd 2:0:0:0: Attached scsi generic sg0 type 0
[    7.168087] sd 2:0:0:0: [sda] 20971520 512-byte logical blocks: (10.7 GB/10.0 GiB)
[    7.170001] sd 2:0:1:0: Attached scsi generic sg1 type 0
[    7.170028] sd 2:0:0:0: [sda] Write Protect is off
[    7.173653] sd 2:0:1:0: [sdb] 20480 512-byte logical blocks: (10.5 MB/10.0 MiB)
[    7.175884] sd 2:0:1:0: [sdb] Write Protect is off
[    7.177153] sd 2:0:0:0: [sda] Incomplete mode parameter data
[    7.178459] sd 2:0:0:0: [sda] Assuming drive cache: write through
[    7.179837] sd 2:0:1:0: [sdb] Incomplete mode parameter data
[    7.181080] sd 2:0:1:0: [sdb] Assuming drive cache: write through
[    7.183865]  sda: sda1
[    7.185906] sd 2:0:1:0: [sdb] Attached SCSI disk
[    7.187084] sd 2:0:0:0: [sda] Attached SCSI disk
[    7.569853] e1000 0000:00:08.0 eth1: (PCI:33MHz:32-bit) 08:00:27:a2:7f:21
[    7.571447] e1000 0000:00:08.0 eth1: Intel(R) PRO/1000 Network Connection
[    7.573816] e1000 0000:00:08.0 enp0s8: renamed from eth1
[    7.593933] e1000 0000:00:03.0 enp0s3: renamed from eth0
Begin: Loading essential drivers ... [    9.112288] raid6: sse2x1   gen() 11164 MB/s
[    9.160359] raid6: sse2x1   xor()  8376 MB/s
[    9.208208] raid6: sse2x2   gen() 14212 MB/s
[    9.256122] raid6: sse2x2   xor()  9571 MB/s
[    9.304122] raid6: sse2x4   gen() 15492 MB/s
[    9.352484] raid6: sse2x4   xor()  9594 MB/s
[    9.400262] raid6: avx2x1   gen() 21188 MB/s
[    9.448185] raid6: avx2x1   xor() 16010 MB/s
[    9.496188] raid6: avx2x2   gen() 26680 MB/s
[    9.544550] raid6: avx2x2   xor() 17240 MB/s
[    9.592164] raid6: avx2x4   gen() 31030 MB/s
[    9.640169] raid6: avx2x4   xor() 18821 MB/s
[    9.641281] raid6: using algorithm avx2x4 gen() 31030 MB/s
[    9.642581] raid6: .... xor() 18821 MB/s, rmw enabled
[    9.643960] raid6: using avx2x2 recovery algorithm
[    9.646322] xor: automatically using best checksumming function   avx       
[    9.648833] async_tx: api initialized (async)
done.
Begin: Running /scripts/init-premount ... done.
Begin: Mounting root file system ... Begin: Running /scripts/local-top ... done.
Begin: Running /scripts/local-premount ... [    9.689465] Btrfs loaded, crc32c=crc32c-intel
Scanning for Btrfs filesystems
done.
Warning: fsck not present, so skipping root file system
[    9.712303] EXT4-fs (sda1): mounted filesystem with ordered data mode. Opts: (null)
done.
Begin: Running /scripts/local-bottom ... done.
Begin: Running /scripts/init-bottom ... done.
[    9.839769] ip_tables: (C) 2000-2006 Netfilter Core Team
[    9.845444] systemd[1]: systemd 237 running in system mode. (+PAM +AUDIT +SELINUX +IMA +APPARMOR +SMACK +SYSVINIT +UTMP +LIBCRYPTSETUP +GCRYPT +GNUTLS +ACL +XZ +LZ4 +SECCOMP +BLKID +ELFUTILS +KMOD -IDN2 +IDN -PCRE2 default-hierarchy=hybrid)
[    9.849545] systemd[1]: Detected virtualization oracle.
[    9.850564] systemd[1]: Detected architecture x86-64.

Welcome to [1mUbuntu 18.04.4 LTS[0m!

[    9.855548] systemd[1]: Set hostname to <ubuntu>.
[    9.857731] systemd[1]: Initializing machine ID from random generator.
[    9.858999] systemd[1]: Installed transient /etc/machine-id file.
[   10.037707] systemd[1]: Created slice User and Session Slice.
[[0;32m  OK  [0m] Created slice User and Session Slice.
[   10.039779] systemd[1]: Reached target System Time Synchronized.
[[0;32m  OK  [0m] Reached target System Time Synchronized.
[   10.041725] systemd[1]: Set up automount Arbitrary Executable File Formats File System Automount Point.
[[0;32m  OK  [0m] Set up automount Arbitrary Executabâ€¦rmats File System Automount Point.
[   10.045121] systemd[1]: Started Forward Password Requests to Wall Directory Watch.
[[0;32m  OK  [0m] Started Forward Password Requests to Wall Directory Watch.
[[0;32m  OK  [0m] Reached target User and Group Name Lookups.
[[0;32m  OK  [0m] Reached target Swap.
[[0;32m  OK  [0m] Created slice System Slice.
[[0;32m  OK  [0m] Listening on udev Kernel Socket.
[[0;32m  OK  [0m] Listening on Journal Socket (/dev/log).
[[0;32m  OK  [0m] Reached target Slices.
[[0;32m  OK  [0m] Listening on Syslog Socket.
[[0;32m  OK  [0m] Listening on LVM2 metadata daemon socket.
[[0;32m  OK  [0m] Listening on udev Control Socket.
[[0;32m  OK  [0m] Listening on Device-mapper event daemon FIFOs.
[[0;32m  OK  [0m] Listening on Journal Audit Socket.
[[0;32m  OK  [0m] Created slice system-serial\x2dgetty.slice.
[[0;32m  OK  [0m] Listening on Journal Socket.
         Starting Create list of required stâ€¦ce nodes for the current kernel...
         Mounting Kernel Debug File System...
         Starting udev Coldplug all Devices...
         Starting Set the console keyboard layout...
         Starting Uncomplicated firewall...
         Starting Remount Root and Kernel File Systems...
         Mounting POSIX Message Queue File System...
         Starting Load Kernel Modules...
         Starting Journal Service...
[[0;32m  OK  [0m] Listening on /dev/initctl Compatibility Named Pipe.
         Starting Monitoring of LVM2 mirrorsâ€¦ng dmeventd or progress polling...
[[0;32m  OK  [0m] Listening on Network Service Netlink Socket.
[[   10.108521] EXT4-fs (sda1): re-mounted. Opts: (null)
[0;32m  OK  [0m] Listening on LVM2 poll daemon socket.
         Mounting Huge Pages File System...
[   10.117290] Loading iSCSI transport class v2.0-870.
[[0;32m  OK  [0m] Started Create list of required staâ€¦vice nodes for the current kernel.
[[0;32m  OK  [0m] Mounted Kernel Debug File System.
[[0;32m  OK  [0m] Started Uncomplicated firewall.
[   10.126137] iscsi: registered transport (tcp)
[[0;32m  OK  [0m] Started Remount Root and Kernel File Systems.
[[0;32m  OK  [0m] Mounted POSIX Message Queue File System.
[[0;32m  OK  [0m] Mounted Huge Pages File System.
         Starting Load/Save Random Seed...
[   10.173136] iscsi: registered transport (iser)
         Starting Create Static Device Nodes in /dev...
[[0;32m  OK  [0m] Started Journal Service.
[[0;32m  OK  [0m] Started Load Kernel Modules.
[[0;32m  OK  [0m] Started udev Coldplug all Devices.
[[0;32m  OK  [0m] Started Load/Save Random Seed.
[[0;32m  OK  [0m] Started LVM2 metadata daemon.
         Mounting Kernel Configuration File System...
         Starting Apply Kernel Variables...
         Mounting FUSE Control File System...
         Starting Flush Journal to Persistent Storage...
[[0;32m  OK  [0m] Started Create Static Device Nodes in /dev.
[[0;32m  OK  [0m] Started Monitoring of LVM2 mirrors,â€¦sing dmeventd or progress polling.
[[0;32m  OK  [0m] Mounted Kernel Configuration File System.
[[0;32m  OK  [0m] Started Apply Kernel Variables.
[[0;32m  OK  [0m] Started Set the console keyboard layout.
[[0;32m  OK  [0m] Mounted FUSE Control File System.
         Starting udev Kernel Device Manager...
[[0;32m  OK  [0m] Reached target Local File Systems (Pre).
[[0;32m  OK  [0m] Reached target Local File Systems.
         Starting Tell Plymouth To Write Out Runtime Data...
         Starting Set console font and keymap...
         Starting Commit a transient machine-id on disk...
         Starting AppArmor initialization...
         Starting ebtables ruleset management...
[[0;32m  OK  [0m] Started udev Kernel Device Manager.
[[0;32m  OK  [0m] Started Dispatch Password Requests to Console Directory Watch.
[[0;32m  OK  [0m] Reached target Local Encrypted Volumes.
[[0;32m  OK  [0m] Started Tell Plymouth To Write Out Runtime Data.
[[0;32m  OK  [0m] Started Set console font and keymap.
[[0;32m  OK  [0m] Started Flush Journal to Persistent Storage.
[[0;32m  OK  [0m] Started Commit a transient machine-id on disk.
         Starting Create Volatile Files and Directories...
[[0;32m  OK  [0m] Started ebtables ruleset management.
[[0;32m  OK  [0m] Started Create Volatile Files and Directories.
         Starting Update UTMP about System Boot/Shutdown...
[[0;32m  OK  [0m] Started Update UTMP about System Boot/Shutdown.
[[0;32m  OK  [0m] Found device /dev/ttyS0.
[[0;32m  OK  [0m] Listening on Load/Save RF Kill Switch Status /dev/rfkill Watch.
[[0;32m  OK  [0m] Started AppArmor initialization.
         Starting Initial cloud-init job (pre-networking)...
[   11.978849] cloud-init[574]: Cloud-init v. 19.4-33-gbb4131a2-0ubuntu1~18.04.1 running 'init-local' at Sat, 13 Jun 2020 22:45:36 +0000. Up 11.66 seconds.
[[0;32m  OK  [0m] Started Initial cloud-init job (pre-networking).
[[0;32m  OK  [0m] Reached target Network (Pre).
         Starting Network Service...
[[0;32m  OK  [0m] Started Network Service.
         Starting Wait for Network to be Configured...
         Starting Network Name Resolution...
[[0;32m  OK  [0m] Started Network Name Resolution.
[[0;32m  OK  [0m] Reached target Host and Network Name Lookups.
[[0;32m  OK  [0m] Reached target Network.
[[0;32m  OK  [0m] Started Wait for Network to be Configured.
         Starting Initial cloud-init job (metadata service crawler)...
[   14.392378] cloud-init[698]: Cloud-init v. 19.4-33-gbb4131a2-0ubuntu1~18.04.1 running 'init' at Sat, 13 Jun 2020 22:45:38 +0000. Up 14.27 seconds.
[   14.394076] cloud-init[698]: ci-info: ++++++++++++++++++++++++++++++++++++++Net device info++++++++++++++++++++++++++++++++++++++
[   14.395131] cloud-init[698]: ci-info: +--------+-------+---------------------------+---------------+--------+-------------------+
[   14.396671] cloud-init[698]: ci-info: | Device |   Up  |          Address          |      Mask     | Scope  |     Hw-Address    |
[   14.397970] cloud-init[698]: ci-info: +--------+-------+---------------------------+---------------+--------+-------------------+
[   14.399138] cloud-init[698]: ci-info: | enp0s3 |  True |         10.0.2.15         | 255.255.255.0 | global | 02:08:97:ad:f6:aa |
[   14.400902] cloud-init[698]: ci-info: | enp0s3 |  True | fe80::8:97ff:fead:f6aa/64 |       .       |  link  | 02:08:97:ad:f6:aa |
[   14.402965] cloud-init[698]: ci-info: | enp0s8 | False |             .             |       .       |   .    | 08:00:27:a2:7f:21 |
[   14.405740] cloud-init[698]: ci-info: |   lo   |  True |         127.0.0.1         |   255.0.0.0   |  host  |         .         |
[   14.407744] cloud-init[698]: ci-info: |   lo   |  True |          ::1/128          |       .       |  host  |         .         |
[   14.420640] cloud-init[698]: ci-info: +--------+-------+---------------------------+---------------+--------+-------------------+
[   14.436331] cloud-init[698]: ci-info: ++++++++++++++++++++++++++++Route IPv4 info+++++++++++++++++++++++++++++
[   14.437321] cloud-init[698]: ci-info: +-------+-------------+----------+-----------------+-----------+-------+
[   14.438768] cloud-init[698]: ci-info: | Route | Destination | Gateway  |     Genmask     | Interface | Flags |
[   14.452230] cloud-init[698]: ci-info: +-------+-------------+----------+-----------------+-----------+-------+
[   14.464395] cloud-init[698]: ci-info: |   0   |   0.0.0.0   | 10.0.2.2 |     0.0.0.0     |   enp0s3  |   UG  |
[   14.466133] cloud-init[698]: ci-info: |   1   |   10.0.2.0  | 0.0.0.0  |  255.255.255.0  |   enp0s3  |   U   |
[   14.467910] cloud-init[698]: ci-info: |   2   |   10.0.2.2  | 0.0.0.0  | 255.255.255.255 |   enp0s3  |   UH  |
[   14.469636] cloud-init[698]: ci-info: +-------+-------------+----------+-----------------+-----------+-------+
[   14.472191] cloud-init[698]: ci-info: +++++++++++++++++++Route IPv6 info+++++++++++++++++++
[   14.473611] cloud-init[698]: ci-info: +-------+-------------+---------+-----------+-------+
[   14.475101] cloud-init[698]: ci-info: | Route | Destination | Gateway | Interface | Flags |
[   14.476504] cloud-init[698]: ci-info: +-------+-------------+---------+-----------+-------+
[   14.488291] cloud-init[698]: ci-info: |   1   |  fe80::/64  |    ::   |   enp0s3  |   U   |
[   14.500477] cloud-init[698]: ci-info: |   3   |    local    |    ::   |   enp0s3  |   U   |
[   14.501079] cloud-init[698]: ci-info: |   4   |   ff00::/8  |    ::   |   enp0s3  |   U   |
[   14.512432] cloud-init[698]: ci-info: +-------+-------------+---------+-----------+-------+
[   15.114780] cloud-init[698]: Generating public/private rsa key pair.
[   15.115417] cloud-init[698]: Your identification has been saved in /etc/ssh/ssh_host_rsa_key.
[   15.116148] cloud-init[698]: Your public key has been saved in /etc/ssh/ssh_host_rsa_key.pub.
[   15.116980] cloud-init[698]: The key fingerprint is:
[   15.128262] cloud-init[698]: SHA256:8Mc4JbsC8k2ZMZelDc+tas3tgwSnPc2HsA9O4wzGqAQ root@ubuntu-bionic
[   15.129216] cloud-init[698]: The key's randomart image is:
[   15.140472] cloud-init[698]: +---[RSA 2048]----+
[   15.152220] cloud-init[698]: |        . .      |
[[   15.164405] [0;32m  OK  [0mcloud-init] [698]: Started Initial cloud-init job (metadata service crawler).|         O .     |

[[0;32m  OK  [0m] Reached target System Initialization.
[   15.176904] cloud-init[698]: |      + = = .    |
[[0;32m  OK  [0m[   15.177934] ] Listening on UUID daemon activation socket.
cloud-init[698]: |  E    O.*o.     |
[[   15.188336] cloud-init[698]: |  ... +oS=+= .   |
[0;32m  OK  [0m] [   15.188454] Listening on ACPID Listen Socket.cloud-init[698]: 
|   o.+. =BO.+ .  |
[   15.189405] cloud-init[698]: |   ...o.+Bo*..   |
[   15.189465] cloud-init[698]: |    .  o  =.o    |
[[0;32m  OK  [0m] Started Message of the Day.
[   15.189554] cloud-init[698]: |            ..   |
[[   15.216973] [0;32m  OK  [0mcloud-init] [698]: Listening on D-Bus System Message Bus Socket.+----[SHA256]-----+

[   15.217169] cloud-init[698]: Generating public/private dsa key pair.
[[   15.233863] cloud-init[698]: Your identification has been saved in /etc/ssh/ssh_host_dsa_key.
[   15.234054] cloud-init[698]: Your public key has been saved in /etc/ssh/ssh_host_dsa_key.pub.
[0;32m  OK  [0m] Listening on Open-iSCSI iscsid Socket.
[   15.234158] cloud-init[698]: The key fingerprint is:
[[   15.256719] [0;32m  OK  [0mcloud-init[698]: ] SHA256:EkIcKDnYvX4h3B1OuYWpwwcMXPaM12cp+pl4hxNVI+0 root@ubuntu-bionicStarted Discard unused blocks once a week.

[   15.256812] cloud-init[698]: The key's randomart image is:
[   15.258932] cloud-init[698]: +---[DSA 1024]----+
[[0;32m  OK  [0m[   15.259414] ] cloud-initStarted ACPI Events Check.
[698]: |.o =+=o  +  ..o  |
[[0;32m  OK  [0m[   15.260308] ] cloud-initReached target Paths.[698]: 
|= o.+.o+*..  +.. |
[   15.261245] cloud-init[698]: | o ..+o*++o =.   |
[[   15.262003] cloud-init[698]: |    +.*o=. =  E  |
[   15.262051] cloud-init[698]: |   . ..+S .      |
[   15.262669] cloud-init[698]: |    . .. o =     |
[   15.263277] cloud-init[698]: |     .  . B .    |
[   15.263886] cloud-init[698]: |         . o     |
[0;32m  OK  [0m] Started Daily apt download activities.
[   15.264252] cloud-init[698]: |                 |
[[0;32m  OK  [0m[   15.288533] ] cloud-initStarted Daily apt upgrade and clean activities.[698]: 
+----[SHA256]-----+
         [   15.304334] cloud-init[698]: Generating public/private ecdsa key pair.
[   15.304484] Starting LXD - unix socket.cloud-init
[698]: Your identification has been saved in /etc/ssh/ssh_host_ecdsa_key.
[   15.304867] cloud-init[698]: Your public key has been saved in /etc/ssh/ssh_host_ecdsa_key.pub.
[   15.305293] cloud-init[698]: The key fingerprint is:
         [   15.328486] Starting Socket activation for snappy daemon.cloud-init
[698]: SHA256:yy7XdKqkC4DK9DTAqEXWdpmTR0h92pM5mwOwN1sN7CQ root@ubuntu-bionic
[[0;32m  OK  [0m[   15.329738] ] cloud-initStarted Daily Cleanup of Temporary Directories.[698]: 
The key's randomart image is:
[[   15.330841] cloud-init[698]: +---[ECDSA 256]---+
[   15.330895] cloud-init[698]: |  o. ..B..       |
[0;32m  OK  [0m] Reached target Timers.
[[   15.331275] cloud-init[698]: |oo  o O E =      |
[   15.333048] cloud-init[698]: |.o.. . = B =     |
[   15.333380] cloud-init[698]: |.o.   . = O .    |
[   15.334254] cloud-init[698]: |o..o   .S= =     |
[0;32m  OK  [0m[   15.335051] ] cloud-initReached target Network is Online.[698]: 
|+ o..  ...= .    |
[   15.337418] cloud-init[698]: |.. ..   +o +     |
[[   15.338213] cloud-init[698]: |     ..+. o      |
[   15.338335] cloud-init[698]: |      o+o.       |
[0;32m  OK  [0m] Reached target Remote File Systems (Pre).
[[   15.338721] [0;32m  OK  [0mcloud-init] [698]: Reached target Remote File Systems.+----[SHA256]-----+

[   15.341972] cloud-init[698]: Generating public/private ed25519 key pair.
[   15.343050] cloud-init[698]: Your identification has been saved in /etc/ssh/ssh_host_ed25519_key.
[   15.344266] cloud-init[698]: Your public key has been saved in /etc/ssh/ssh_host_ed25519_key.pub.
[   15.345736] cloud-init[698]: The key fingerprint is:
[   15.346202] cloud-init[698]: SHA256:EzRguHO8GLU2GqKsuvZif+6rV1pbGqMqI8OQnPTm7Ws root@ubuntu-bionic
[   15.347330] cloud-init[698]: The key's randomart image is:
         Starting Availability of block devices...
[[0;32m  OK  [0m] Reached target Cloud-config availability.
[   15.349652] cloud-init[698]: +--[ED25519 256]--+
[[0;32m  OK  [0m] Listening on LXD - unix socket.
[[0;32m  OK  [0m] Listening on Socket activation for snappy daemon.
[[0;32m  OK  [0m] Started Availability of block devices.
[   15.354969] cloud-init[698]: |     .o.o        |
[[0;32m  OK  [0m] Reached target Sockets.
[[   15.378503] [0;32m  OK  [0mcloud-init] [698]: Reached target Basic System.
|    .... .       |
         [   15.400293] Starting Accounts Service...cloud-init[698]: |     + ..        |

         Starting LSB: automatic crash report generation...[   15.412147] 
cloud-init[698]: | .. = *  .       |
         [   15.428930] cloud-init[698]: |+oo. O oS        |
Starting LSB: Record successful boot for GRUB...
[   15.429086] cloud-init[698]: |++ oo .= o       |
[   15.430397] cloud-init[698]: |+ o . = *        |
[   15.431323] cloud-init[698]: |+B . E o         |
         Starting LXD - container startup/shutdown...
         [   15.441985] cloud-init[698]: |Bo*=X*o          |
[   15.442113] cloud-init[698]: +----[SHA256]-----+
Starting Virtualbox guest utils...
[[0;32m  OK  [0m] Started Deferred execution scheduler.
         Starting System Logging Service...
         Starting Dispatcher daemon for systemd-networkd...
[[0;32m  OK  [0m] Started FUSE filesystem for LXC.
         Starting Permit User Sessions...
[[0;32m  OK  [0m] Started irqbalance daemon.
         Starting Snappy daemon...
         Starting Pollinate to seed the pseudo random number generator...
         Starting Login Service...
[[0;32m  OK  [0m] Started Regular background program processing daemon.
[[0;32m  OK  [0m] Started D-Bus System Message Bus.
[[0;32m  OK  [0m] Started System Logging Service.
[[0;32m  OK  [0m] Started LXD - container startup/shutdown.
[[0;32m  OK  [0m] Started Permit User Sessions.
[[0;32m  OK  [0m] Started Login Service.
[[0;32m  OK  [0m] Started Dispatcher daemon for systemd-networkd.
[[0;32m  OK  [0m] Started Unattended Upgrades Shutdown.
         Starting Hold until boot process finishes up...
         Starting Terminate Plymouth Boot Screen...
[[0;32m  OK  [0m] Started Hold until boot process finishes up.
[[0;32m  OK  [0m] Started Serial Getty on ttyS0.
         Starting Set console scheme...
[[0;32m  OK  [0m] Started Terminate Plymouth Boot Screen.
[[0;32m  OK  [0m] Started LSB: Record successful boot for GRUB.
[[0;32m  OK  [0m] Started LSB: automatic crash report generation.
[[0;32m  OK  [0m] Started Set console scheme.
[[0;32m  OK  [0m] Created slice system-getty.slice.
[[0;32m  OK  [0m] Started Getty on tty1.
[[0;32m  OK  [0m] Reached target Login Prompts.
         Starting Authorization Manager...
[[0;32m  OK  [0m] Started Authorization Manager.
[[0;32m  OK  [0m] Started Accounts Service.
[[0;32m  OK  [0m] Started Virtualbox guest utils.
[[0;32m  OK  [0m] Started Snappy daemon.
         Starting Wait until snapd is fully seeded...

Ubuntu 18.04.4 LTS ubuntu-bionic ttyS0

ubuntu-bionic login: [   44.666377] cloud-init[2055]: Cloud-init v. 19.4-33-gbb4131a2-0ubuntu1~18.04.1 running 'modules:config' at Sat, 13 Jun 2020 22:46:09 +0000. Up 44.38 seconds.
ci-info: no authorized SSH keys fingerprints found for user ubuntu.
<14>Jun 13 22:46:09 ec2: 
<14>Jun 13 22:46:09 ec2: #############################################################
<14>Jun 13 22:46:09 ec2: -----BEGIN SSH HOST KEY FINGERPRINTS-----
<14>Jun 13 22:46:09 ec2: 1024 SHA256:EkIcKDnYvX4h3B1OuYWpwwcMXPaM12cp+pl4hxNVI+0 root@ubuntu-bionic (DSA)
<14>Jun 13 22:46:09 ec2: 256 SHA256:yy7XdKqkC4DK9DTAqEXWdpmTR0h92pM5mwOwN1sN7CQ root@ubuntu-bionic (ECDSA)
<14>Jun 13 22:46:09 ec2: 256 SHA256:EzRguHO8GLU2GqKsuvZif+6rV1pbGqMqI8OQnPTm7Ws root@ubuntu-bionic (ED25519)
<14>Jun 13 22:46:09 ec2: 2048 SHA256:8Mc4JbsC8k2ZMZelDc+tas3tgwSnPc2HsA9O4wzGqAQ root@ubuntu-bionic (RSA)
<14>Jun 13 22:46:09 ec2: -----END SSH HOST KEY FINGERPRINTS-----
<14>Jun 13 22:46:09 ec2: #############################################################
-----BEGIN SSH HOST KEY KEYS-----
ecdsa-sha2-nistp256 AAAAE2VjZHNhLXNoYTItbmlzdHAyNTYAAAAIbmlzdHAyNTYAAABBBKd4XRy/1SRerUAZwCEl/kRVoeBvb3TPqiKbM8QsXUao87AqW8hizWckWiL82fzjCAweVW0kZ+O7Jy23KDo8zf8= root@ubuntu-bionic
ssh-ed25519 AAAAC3NzaC1lZDI1NTE5AAAAIH2g22jlv4z6o8Sk9rQmyIdmnOrydKlOb1DTJ1qpZDUo root@ubuntu-bionic
ssh-rsa AAAAB3NzaC1yc2EAAAADAQABAAABAQDJna6XAed2Nsx/3pPyYanPRiuCK8xNGtFRBIk840EWlD/TeZtIaRiarUZe+7J/8680VjelNBm++6wMqTyA5JZOkccxJWqDFjtIsErv2hw2ztD9+flm5lK4QojPjAv1B3+V6xoUMG2IKZKbSIzJVXP93LQFU2cOMozHrvqlYPH+DlS57HHg0fHk/xm+gL7DPIZDl1jGJWCK7iVPU4bPnuAihnrRGh+NRDht41+awMyiFPUSDYVnNvcZmgbCpZ8ULypHKGTfSYkEloKTLmi7VF9ZjE+UBvwlvLiSicjbY4FoT2d6IpZ+ttf3fqJBOdy/35KFIWlM8k+kchgOjpy8DTBP root@ubuntu-bionic
-----END SSH HOST KEY KEYS-----
[   45.147191] cloud-init[2118]: Cloud-init v. 19.4-33-gbb4131a2-0ubuntu1~18.04.1 running 'modules:final' at Sat, 13 Jun 2020 22:46:09 +0000. Up 45.01 seconds.
[   45.147294] cloud-init[2118]: ci-info: no authorized SSH keys fingerprints found for user ubuntu.
[   45.147384] cloud-init[2118]: Cloud-init v. 19.4-33-gbb4131a2-0ubuntu1~18.04.1 finished at Sat, 13 Jun 2020 22:46:09 +0000. Datasource DataSourceNoCloud [seed=/dev/sdb][dsmode=net].  Up 45.14 seconds
